DELETE /api/account_books/:id
DELETE /api/assets/:id
DELETE /api/categories/:id
DELETE /api/friends/:collaboratorId
DELETE /api/payees/:id
DELETE /api/statements/:statementId
DELETE /api/statements/:statementId/avatar
GET /api/account_books
GET /api/account_books/:id
GET /api/account_books/preset_categories
GET /api/account_books/types
GET /api/assets
GET /api/assets/:id
GET /api/budgets
GET /api/budgets/:categoryId
GET /api/budgets/parent
GET /api/categories/:id
GET /api/categories/category_childs
GET /api/categories/category_list
GET /api/categories/category_statements
GET /api/categories/parent
GET /api/chart/calendar_data
GET /api/chart/overview_header
GET /api/chart/overview_statements
GET /api/chart/rate
GET /api/friends
GET /api/friends/invite_information
GET /api/header
GET /api/icons/assets_with_url
GET /api/icons/categories_with_url
GET /api/index
GET /api/message
GET /api/message/:id
GET /api/payees
GET /api/search
GET /api/settings
GET /api/statements
GET /api/statements/:statementId
GET /api/statements/asset_frequent
GET /api/statements/assets
GET /api/statements/categories
GET /api/statements/category_frequent
GET /api/statements/default_category_asset
GET /api/statements/export_excel
GET /api/statements/images
GET /api/statements/list_by_token
GET /api/statements/target_objects
GET /api/super_chart/categories_list
GET /api/super_chart/get_pie_data
GET /api/super_chart/header
GET /api/super_chart/line_chart
GET /api/super_chart/table_sumary
GET /api/super_chart/week_data
GET /api/super_statements/list
GET /api/super_statements/time
GET /api/users
GET /api/wallet
GET /api/wallet/information
GET /api/wallet/statement_list
GET /api/wallet/time_line
POST /api/account_books
POST /api/assets
POST /api/categories
POST /api/check_openid
POST /api/friends/accept_apply
POST /api/friends/invite
POST /api/payees
POST /api/settings/feedback
POST /api/statements
POST /api/statements/export_check
POST /api/statements/generate_share_key
POST /api/upload
POST /api/users/scan_login
PUT /api/account_books/:id
PUT /api/account_books/:id/switch
PUT /api/assets/:id
PUT /api/budgets/0
PUT /api/categories/:id
PUT /api/friends/:collaboratorId
PUT /api/payees/:id
PUT /api/statements/:statementId
PUT /api/users/update_user
PUT /api/wallet/surplus
